Downloading Minecraft server
Installing Fabric Loader 0.19.5(26.3) on the server
Downloading required files
Downloading library org.ow2.asm:asm:9.10.1
Downloading library org.ow2.asm:asm-analysis:9.10.1
Downloading library org.ow2.asm:asm-commons:9.10.1
Downloading library org.ow2.asm:asm-tree:9.10.1
Downloading library org.ow2.asm:asm-util:9.10.1
Downloading library net.fabricmc:sponge-mixin:0.17.4+mixin.0.8.7
Downloading library net.fabricmc:fabric-loader:0.19.5
Generating server launch JAR
Unpacking 26.3/server-26.3.jar (versions:26.3) to versions/26.3/server-26.3.jar
Unpacking at/yawk/lz4/lz4-java/1.10.1/lz4-java-1.10.1.jar (libraries:at.yawk.lz4:lz4-java:1.10.1) to libraries/at/yawk/lz4/lz4-java/1.10.1/lz4-java-1.10.1.jar
Unpacking com/azure/azure-json/1.4.0/azure-json-1.4.0.jar (libraries:com.azure:azure-json:1.4.0) to libraries/com/azure/azure-json/1.4.0/azure-json-1.4.0.jar
Unpacking com/github/oshi/oshi-core/6.9.0/oshi-core-6.9.0.jar (libraries:com.github.oshi:oshi-core:6.9.0) to libraries/com/github/oshi/oshi-core/6.9.0/oshi-core-6.9.0.jar
Unpacking com/google/code/gson/gson/2.14.0/gson-2.14.0.jar (libraries:com.google.code.gson:gson:2.14.0) to libraries/com/google/code/gson/gson/2.14.0/gson-2.14.0.jar
Unpacking com/google/guava/failureaccess/1.0.3/failureaccess-1.0.3.jar (libraries:com.google.guava:failureaccess:1.0.3) to libraries/com/google/guava/failureaccess/1.0.3/failureaccess-1.0.3.jar
Unpacking com/google/guava/guava/33.6.0-jre/guava-33.6.0-jre.jar (libraries:com.google.guava:guava:33.6.0-jre) to libraries/com/google/guava/guava/33.6.0-jre/guava-33.6.0-jre.jar
Unpacking com/microsoft/azure/msal4j/1.24.1/msal4j-1.24.1.jar (libraries:com.microsoft.azure:msal4j:1.24.1) to libraries/com/microsoft/azure/msal4j/1.24.1/msal4j-1.24.1.jar
Unpacking com/mojang/authlib/10.0.77/authlib-10.0.77.jar (libraries:com.mojang:authlib:10.0.77) to libraries/com/mojang/authlib/10.0.77/authlib-10.0.77.jar
Unpacking com/mojang/brigadier/1.3.11/brigadier-1.3.11.jar (libraries:com.mojang:brigadier:1.3.11) to libraries/com/mojang/brigadier/1.3.11/brigadier-1.3.11.jar
Unpacking com/mojang/datafixerupper/10.0.21/datafixerupper-10.0.21.jar (libraries:com.mojang:datafixerupper:10.0.21) to libraries/com/mojang/datafixerupper/10.0.21/datafixerupper-10.0.21.jar
Unpacking com/mojang/jtracy/1.14.38/jtracy-1.14.38.jar (libraries:com.mojang:jtracy:1.14.38) to libraries/com/mojang/jtracy/1.14.38/jtracy-1.14.38.jar
Unpacking com/mojang/logging/1.7.12/logging-1.7.12.jar (libraries:com.mojang:logging:1.7.12) to libraries/com/mojang/logging/1.7.12/logging-1.7.12.jar
Unpacking commons-io/commons-io/2.20.0/commons-io-2.20.0.jar (libraries:commons-io:commons-io:2.20.0) to libraries/commons-io/commons-io/2.20.0/commons-io-2.20.0.jar
Unpacking io/netty/netty-buffer/4.2.16.Final/netty-buffer-4.2.16.Final.jar (libraries:io.netty:netty-buffer:4.2.16.Final) to libraries/io/netty/netty-buffer/4.2.16.Final/netty-buffer-4.2.16.Final.jar
Unpacking io/netty/netty-codec-base/4.2.16.Final/netty-codec-base-4.2.16.Final.jar (libraries:io.netty:netty-codec-base:4.2.16.Final) to libraries/io/netty/netty-codec-base/4.2.16.Final/netty-codec-base-4.2.16.Final.jar
Unpacking io/netty/netty-codec-compression/4.2.16.Final/netty-codec-compression-4.2.16.Final.jar (libraries:io.netty:netty-codec-compression:4.2.16.Final) to libraries/io/netty/netty-codec-compression/4.2.16.Final/netty-codec-compression-4.2.16.Final.jar
Unpacking io/netty/netty-codec-http/4.2.16.Final/netty-codec-http-4.2.16.Final.jar (libraries:io.netty:netty-codec-http:4.2.16.Final) to libraries/io/netty/netty-codec-http/4.2.16.Final/netty-codec-http-4.2.16.Final.jar
Unpacking io/netty/netty-common/4.2.16.Final/netty-common-4.2.16.Final.jar (libraries:io.netty:netty-common:4.2.16.Final) to libraries/io/netty/netty-common/4.2.16.Final/netty-common-4.2.16.Final.jar
Unpacking io/netty/netty-handler/4.2.16.Final/netty-handler-4.2.16.Final.jar (libraries:io.netty:netty-handler:4.2.16.Final) to libraries/io/netty/netty-handler/4.2.16.Final/netty-handler-4.2.16.Final.jar
Unpacking io/netty/netty-resolver/4.2.16.Final/netty-resolver-4.2.16.Final.jar (libraries:io.netty:netty-resolver:4.2.16.Final) to libraries/io/netty/netty-resolver/4.2.16.Final/netty-resolver-4.2.16.Final.jar
Unpacking io/netty/netty-transport/4.2.16.Final/netty-transport-4.2.16.Final.jar (libraries:io.netty:netty-transport:4.2.16.Final) to libraries/io/netty/netty-transport/4.2.16.Final/netty-transport-4.2.16.Final.jar
Unpacking io/netty/netty-transport-classes-epoll/4.2.16.Final/netty-transport-classes-epoll-4.2.16.Final.jar (libraries:io.netty:netty-transport-classes-epoll:4.2.16.Final) to libraries/io/netty/netty-transport-classes-epoll/4.2.16.Final/netty-transport-classes-epoll-4.2.16.Final.jar
Unpacking io/netty/netty-transport-classes-kqueue/4.2.16.Final/netty-transport-classes-kqueue-4.2.16.Final.jar (libraries:io.netty:netty-transport-classes-kqueue:4.2.16.Final) to libraries/io/netty/netty-transport-classes-kqueue/4.2.16.Final/netty-transport-classes-kqueue-4.2.16.Final.jar
Unpacking io/netty/netty-transport-native-epoll/4.2.16.Final/netty-transport-native-epoll-4.2.16.Final-linux-x86_64.jar (libraries:io.netty:netty-transport-native-epoll:4.2.16.Final:linux-x86_64) to libraries/io/netty/netty-transport-native-epoll/4.2.16.Final/netty-transport-native-epoll-4.2.16.Final-linux-x86_64.jar
Unpacking io/netty/netty-transport-native-epoll/4.2.16.Final/netty-transport-native-epoll-4.2.16.Final-linux-aarch_64.jar (libraries:io.netty:netty-transport-native-epoll:4.2.16.Final:linux-aarch_64) to libraries/io/netty/netty-transport-native-epoll/4.2.16.Final/netty-transport-native-epoll-4.2.16.Final-linux-aarch_64.jar
Unpacking io/netty/netty-transport-native-kqueue/4.2.16.Final/netty-transport-native-kqueue-4.2.16.Final-osx-x86_64.jar (libraries:io.netty:netty-transport-native-kqueue:4.2.16.Final:osx-x86_64) to libraries/io/netty/netty-transport-native-kqueue/4.2.16.Final/netty-transport-native-kqueue-4.2.16.Final-osx-x86_64.jar
Unpacking io/netty/netty-transport-native-kqueue/4.2.16.Final/netty-transport-native-kqueue-4.2.16.Final-osx-aarch_64.jar (libraries:io.netty:netty-transport-native-kqueue:4.2.16.Final:osx-aarch_64) to libraries/io/netty/netty-transport-native-kqueue/4.2.16.Final/netty-transport-native-kqueue-4.2.16.Final-osx-aarch_64.jar
Unpacking io/netty/netty-transport-native-unix-common/4.2.16.Final/netty-transport-native-unix-common-4.2.16.Final.jar (libraries:io.netty:netty-transport-native-unix-common:4.2.16.Final) to libraries/io/netty/netty-transport-native-unix-common/4.2.16.Final/netty-transport-native-unix-common-4.2.16.Final.jar
Unpacking it/unimi/dsi/fastutil/8.5.18/fastutil-8.5.18.jar (libraries:it.unimi.dsi:fastutil:8.5.18) to libraries/it/unimi/dsi/fastutil/8.5.18/fastutil-8.5.18.jar
Unpacking net/java/dev/jna/jna/5.17.0/jna-5.17.0.jar (libraries:net.java.dev.jna:jna:5.17.0) to libraries/net/java/dev/jna/jna/5.17.0/jna-5.17.0.jar
Unpacking net/java/dev/jna/jna-platform/5.17.0/jna-platform-5.17.0.jar (libraries:net.java.dev.jna:jna-platform:5.17.0) to libraries/net/java/dev/jna/jna-platform/5.17.0/jna-platform-5.17.0.jar
Unpacking net/sf/jopt-simple/jopt-simple/5.0.4/jopt-simple-5.0.4.jar (libraries:net.sf.jopt-simple:jopt-simple:5.0.4) to libraries/net/sf/jopt-simple/jopt-simple/5.0.4/jopt-simple-5.0.4.jar
Unpacking org/apache/commons/commons-lang3/3.20.0/commons-lang3-3.20.0.jar (libraries:org.apache.commons:commons-lang3:3.20.0) to libraries/org/apache/commons/commons-lang3/3.20.0/commons-lang3-3.20.0.jar
Unpacking org/apache/logging/log4j/log4j-api/2.26.0/log4j-api-2.26.0.jar (libraries:org.apache.logging.log4j:log4j-api:2.26.0) to libraries/org/apache/logging/log4j/log4j-api/2.26.0/log4j-api-2.26.0.jar
Unpacking org/apache/logging/log4j/log4j-core/2.26.0/log4j-core-2.26.0.jar (libraries:org.apache.logging.log4j:log4j-core:2.26.0) to libraries/org/apache/logging/log4j/log4j-core/2.26.0/log4j-core-2.26.0.jar
Unpacking org/apache/logging/log4j/log4j-slf4j2-impl/2.26.0/log4j-slf4j2-impl-2.26.0.jar (libraries:org.apache.logging.log4j:log4j-slf4j2-impl:2.26.0) to libraries/org/apache/logging/log4j/log4j-slf4j2-impl/2.26.0/log4j-slf4j2-impl-2.26.0.jar
Unpacking org/joml/joml/1.10.9/joml-1.10.9.jar (libraries:org.joml:joml:1.10.9) to libraries/org/joml/joml/1.10.9/joml-1.10.9.jar
Unpacking org/jspecify/jspecify/1.0.0/jspecify-1.0.0.jar (libraries:org.jspecify:jspecify:1.0.0) to libraries/org/jspecify/jspecify/1.0.0/jspecify-1.0.0.jar
Unpacking org/slf4j/slf4j-api/2.0.17/slf4j-api-2.0.17.jar (libraries:org.slf4j:slf4j-api:2.0.17) to libraries/org/slf4j/slf4j-api/2.0.17/slf4j-api-2.0.17.jar
Starting net.fabricmc.loader.impl.game.minecraft.BundlerClassPathCapture
[12:58:45] [main/INFO]: Loading Minecraft 26.3 with Fabric Loader 0.19.5
[12:58:45] [main/INFO]: Mappings not present!
[12:58:45] [main/INFO]: Loading 44 mods:
	- create 6.0.9-1
	- create_hypertube 0.6.0+26.3
	- fabric-api 0.161.0+26.3
	   |-- fabric-advancement-api-v1 1.0.0+38c7a2d55d
	   |-- fabric-api-base 2.0.6+fcdff87f5d
	   |-- fabric-api-lookup-api-v1 2.0.24+3434d6d95d
	   |-- fabric-biome-api-v1 20.0.9+74ed1ea55d
	   |-- fabric-block-api-v1 3.1.0+0ae6f9115d
	   |-- fabric-block-getter-api-v2 2.0.9+3434d6d95d
	   |-- fabric-command-api-v2 3.1.2+fcdff87f5d
	   |-- fabric-content-registries-v0 15.0.4+74ed1ea55d
	   |-- fabric-convention-tags-v2 4.10.3+6b5b47fd5d
	   |-- fabric-crash-report-info-v1 1.0.7+fcdff87f5d
	   |-- fabric-creative-tab-api-v1 5.0.21+fcdff87f5d
	   |-- fabric-data-attachment-api-v1 2.2.30+3434d6d95d
	   |-- fabric-data-generation-api-v1 27.2.4+427eab975d
	   |-- fabric-debug-api-v1 1.0.4+3434d6d95d
	   |-- fabric-dimensions-v1 5.1.19+47f74c985d
	   |-- fabric-entity-events-v1 6.0.4+3434d6d95d
	   |-- fabric-events-interaction-v0 5.3.6+3434d6d95d
	   |-- fabric-game-rule-api-v1 4.0.10+3434d6d95d
	   |-- fabric-item-api-v1 14.7.0+cf6bc2db5d
	   |-- fabric-lifecycle-events-v1 4.1.9+ffef5f675d
	   |-- fabric-loot-api-v3 4.0.8+4068fd645d
	   |-- fabric-menu-api-v1 2.0.27+ed66f0a35d
	   |-- fabric-message-api-v1 7.0.10+3434d6d95d
	   |-- fabric-networking-api-v1 6.3.8+fcdff87f5d
	   |-- fabric-object-builder-api-v1 24.1.9+3434d6d95d
	   |-- fabric-particles-v1 5.0.24+3434d6d95d
	   |-- fabric-permission-api-v1 1.0.8+fcdff87f5d
	   |-- fabric-recipe-api-v1 10.0.8+fcdff87f5d
	   |-- fabric-registry-sync-v0 8.0.1+fcdff87f5d
	   |-- fabric-rendering-fluids-v1 6.0.6+3434d6d95d
	   |-- fabric-resource-conditions-api-v1 6.1.5+3434d6d95d
	   |-- fabric-resource-loader-v0 3.3.26+4fc5413f5d
	   |-- fabric-resource-loader-v1 3.0.4+fcdff87f5d
	   |-- fabric-serialization-api-v1 2.0.7+74ed1ea55d
	   |-- fabric-tag-api-v1 2.1.10+fcdff87f5d
	   |-- fabric-transfer-api-v1 8.0.25+fcdff87f5d
	   \-- fabric-transitive-access-wideners-v1 8.1.16+52268a0e5d
	- fabricloader 0.19.5
	   \-- mixinextras 0.5.5
	- java 25
	- minecraft 26.3
[12:58:45] [main/INFO]: SpongePowered MIXIN Subsystem Version=0.8.7 Source=file:/home/runner/work/CreateHypertubes/CreateHypertubes/server/libraries/net/fabricmc/sponge-mixin/0.17.4+mixin.0.8.7/sponge-mixin-0.17.4+mixin.0.8.7.jar Service=Knot/Fabric Env=SERVER
[12:58:46] [main/INFO]: Initializing MixinExtras via com.llamalad7.mixinextras.service.MixinExtrasServiceImpl(version=0.5.5).
WARNING: A terminally deprecated method in sun.misc.Unsafe has been called
WARNING: sun.misc.Unsafe::objectFieldOffset has been called by org.joml.MemUtil$MemUtilUnsafe (file:/home/runner/work/CreateHypertubes/CreateHypertubes/server/libraries/org/joml/joml/1.10.9/joml-1.10.9.jar)
WARNING: Please consider reporting this to the maintainers of class org.joml.MemUtil$MemUtilUnsafe
WARNING: sun.misc.Unsafe::objectFieldOffset will be removed in a future release
[12:58:55] [main/INFO]: [STDERR]: Failed to read config file: /home/runner/work/CreateHypertubes/CreateHypertubes/server/./config/create/server.json
[12:58:55] [main/INFO]: [STDERR]: java.nio.file.NoSuchFileException: ./config/create/server.json
[12:58:55] [main/INFO]: [STDERR]: 	at java.base/sun.nio.fs.UnixException.translateToIOException(UnixException.java:92)
[12:58:55] [main/INFO]: [STDERR]: 	at java.base/sun.nio.fs.UnixException.rethrowAsIOException(UnixException.java:106)
[12:58:55] [main/INFO]: [STDERR]: 	at java.base/sun.nio.fs.UnixException.rethrowAsIOException(UnixException.java:111)
[12:58:55] [main/INFO]: [STDERR]: 	at java.base/sun.nio.fs.UnixFileSystemProvider.newFileChannel(UnixFileSystemProvider.java:213)
[12:58:55] [main/INFO]: [STDERR]: 	at java.base/sun.nio.fs.UnixFileSystemProvider.newByteChannel(UnixFileSystemProvider.java:244)
[12:58:55] [main/INFO]: [STDERR]: 	at java.base/java.nio.file.Files.newByteChannel(Files.java:357)
[12:58:55] [main/INFO]: [STDERR]: 	at java.base/java.nio.file.Files.newByteChannel(Files.java:399)
[12:58:55] [main/INFO]: [STDERR]: 	at java.base/java.nio.file.spi.FileSystemProvider.newInputStream(FileSystemProvider.java:371)
[12:58:55] [main/INFO]: [STDERR]: 	at java.base/java.nio.file.Files.newInputStream(Files.java:154)
[12:58:55] [main/INFO]: [STDERR]: 	at knot//org.apache.commons.io.FileUtils.lambda$readFileToString$14(FileUtils.java:2768)
[12:58:55] [main/INFO]: [STDERR]: 	at knot//org.apache.commons.io.IOUtils.toString(IOUtils.java:3204)
[12:58:55] [main/INFO]: [STDERR]: 	at knot//org.apache.commons.io.IOUtils.toString(IOUtils.java:3179)
[12:58:55] [main/INFO]: [STDERR]: 	at knot//org.apache.commons.io.FileUtils.readFileToString(FileUtils.java:2768)
[12:58:55] [main/INFO]: [STDERR]: 	at knot//com.zurrtum.create.catnip.config.Builder.read(Builder.java:136)
[12:58:55] [main/INFO]: [STDERR]: 	at knot//com.zurrtum.create.catnip.config.Builder.<init>(Builder.java:36)
[12:58:55] [main/INFO]: [STDERR]: 	at knot//com.zurrtum.create.catnip.config.Builder.create(Builder.java:49)
[12:58:55] [main/INFO]: [STDERR]: 	at knot//com.zurrtum.create.catnip.config.Builder.create(Builder.java:44)
[12:58:55] [main/INFO]: [STDERR]: 	at knot//com.zurrtum.create.infrastructure.config.AllConfigs.register(AllConfigs.java:28)
[12:58:55] [main/INFO]: [STDERR]: 	at knot//com.zurrtum.create.Create.onInitialize(Create.java:62)
[12:58:55] [main/INFO]: [STDERR]: 	at net.fabricmc.loader.impl.FabricLoaderImpl.invokeEntrypoints(FabricLoaderImpl.java:409)
[12:58:55] [main/INFO]: [STDERR]: 	at net.fabricmc.loader.impl.game.minecraft.Hooks.startServer(Hooks.java:63)
[12:58:55] [main/INFO]: [STDERR]: 	at knot//net.minecraft.server.Main.main(Main.java:114)
[12:58:55] [main/INFO]: [STDERR]: 	at net.fabricmc.loader.impl.game.minecraft.MinecraftGameProvider.launch(MinecraftGameProvider.java:517)
[12:58:55] [main/INFO]: [STDERR]: 	at net.fabricmc.loader.impl.launch.knot.Knot.launch(Knot.java:72)
[12:58:55] [main/INFO]: [STDERR]: 	at net.fabricmc.loader.impl.launch.knot.KnotServer.main(KnotServer.java:23)
[12:58:55] [main/INFO]: [STDERR]: 	at net.fabricmc.loader.impl.launch.server.FabricServerLauncher.main(FabricServerLauncher.java:69)
[12:58:55] [main/INFO]: [STDERR]: 	at net.fabricmc.installer.ServerLauncher.main(ServerLauncher.java:69)
[12:58:56] [main/INFO]: Environment: Environment[discoveryUrl=https://discovery.minecraftservices.com/minecraft/client, name=PROD]
[12:58:57] [Worker-Main-3/INFO]: No existing world data, creating new world
[12:58:58] [Worker-Main-1/INFO]: Loaded 2976 advancements
[12:58:58] [main/INFO]: Applied 0 biome modifications to 0 of 67 new biomes in 1.370 ms
[12:58:58] [Server thread/INFO]: Starting minecraft server version 26.3
[12:58:58] [Server thread/INFO]: Loading properties
[12:58:58] [Server thread/INFO]: Default game type: CREATIVE
[12:58:58] [Server thread/INFO]: Generating keypair
[12:58:58] [Server thread/INFO]: Starting Minecraft server on *:25565
[12:58:58] [Server thread/WARN]: **** SERVER IS RUNNING IN OFFLINE/INSECURE MODE!
[12:58:58] [Server thread/WARN]: The server will make no attempt to authenticate usernames. Beware.
[12:58:58] [Server thread/WARN]: While this makes the game possible to play without internet access, it also opens up the ability for hackers to connect with any username they choose.
[12:58:58] [Server thread/WARN]: To change this, set "online-mode" to "true" in the server.properties file.
[12:58:58] [Server thread/INFO]: Preparing level "world"
[12:58:58] [Server thread/INFO]: Selecting global world spawn...
[12:59:02] [Server thread/INFO]: Loading 0 persistent chunks...
[12:59:02] [Server thread/INFO]: Preparing spawn area: 100%
[12:59:02] [Server thread/INFO]: Time elapsed: 3767 ms
[12:59:02] [Server thread/INFO]: Done (4.009s)! For help, type "help"
[12:59:02] [Server thread/INFO]: Saving chunks for level 'ServerLevel[world]'/minecraft:overworld
[12:59:02] [Server thread/INFO]: Saving chunks for level 'ServerLevel[world]'/minecraft:the_end
[12:59:02] [Server thread/INFO]: Saving chunks for level 'ServerLevel[world]'/minecraft:the_nether
[12:59:02] [Server thread/INFO]: Force-loading class net.minecraft.data.recipes.SmithingTrimRecipeBuilder
[12:59:02] [Server thread/INFO]: Force-loading class net.minecraft.data.recipes.SingleItemRecipeBuilder
[12:59:02] [Server thread/INFO]: Force-loading class net.minecraft.data.recipes.SmithingTransformRecipeBuilder
[12:59:02] [Server thread/INFO]: Force-loading class net.minecraft.world.level.redstone.CollectingNeighborUpdater$MultiNeighborUpdate
[12:59:02] [Server thread/INFO]: Force-loading class net.minecraft.server.PlayerAdvancements
[12:59:02] [Server thread/INFO]: Force-loading class net.minecraft.server.network.config.SynchronizeRegistriesTask
[12:59:02] [Server thread/INFO]: Force-loading class net.minecraft.data.recipes.RecipeProvider
[12:59:02] [Server thread/INFO]: Force-loading class net.minecraft.world.level.chunk.LevelChunkSection$1BlockCounter
[12:59:02] [Server thread/INFO]: Force-loading class net.minecraft.network.protocol.configuration.ServerboundSelectKnownPacks
[12:59:02] [Server thread/INFO]: Force-loading class net.minecraft.world.level.redstone.ExperimentalRedstoneWireEvaluator
[12:59:02] [Server thread/INFO]: Force-loading class net.minecraft.server.network.ServerHandshakePacketListenerImpl
[12:59:02] [Server thread/INFO]: Force-loading class net.minecraft.data.tags.BlockItemTagAppender
[12:59:02] [Server thread/INFO]: Force-loading class net.minecraft.data.recipes.BrewingRecipeBuilder
[12:59:02] [Server thread/INFO]: Force-loading class net.minecraft.data.registries.RegistriesDatapackGenerator
[12:59:02] [Server thread/INFO]: Force-loading class net.minecraft.world.entity.ai.behavior.Swim
[12:59:02] [Server thread/INFO]: Force-loading class net.minecraft.server.packs.resources.SimpleJsonResourceReloadListener
[12:59:02] [Server thread/INFO]: Force-loading class net.minecraft.server.commands.DebugConfigCommand
[12:59:02] [Server thread/INFO]: Force-loading class net.minecraft.world.level.pathfinder.WalkNodeEvaluator
[12:59:02] [Server thread/INFO]: Force-loading class net.minecraft.world.level.storage.loot.LootPool$Builder
[12:59:02] [Server thread/INFO]: Force-loading class net.minecraft.data.recipes.TransmuteRecipeBuilder
[12:59:02] [Server thread/INFO]: Force-loading class net.minecraft.data.tags.TagAppender
[12:59:02] [Server thread/INFO]: Force-loading class net.minecraft.network.protocol.configuration.ConfigurationProtocols
[12:59:02] [Server thread/INFO]: Force-loading class net.minecraft.server.network.ServerLoginPacketListenerImpl
[12:59:02] [Server thread/INFO]: Force-loading class net.minecraft.world.level.entity.PersistentEntitySectionManager$Callback
[12:59:02] [Server thread/INFO]: Force-loading class net.minecraft.commands.execution.CommandQueueEntry
[12:59:02] [Server thread/INFO]: Force-loading class net.minecraft.data.recipes.RecipeProvider$1
[12:59:02] [Server thread/INFO]: Force-loading class net.minecraft.gametest.framework.GameTestServer
[12:59:02] [Server thread/INFO]: Force-loading class net.minecraft.core.RegistrySynchronization
[12:59:02] [Server thread/INFO]: Force-loading class net.minecraft.network.protocol.BundlePacket
[12:59:02] [Server thread/INFO]: Force-loading class net.minecraft.util.ParticleUtils
[12:59:02] [Server thread/INFO]: Force-loading class net.minecraft.world.CompoundContainer
[12:59:02] [Server thread/INFO]: Force-loading class net.minecraft.data.tags.TagAppender$1
[12:59:02] [Server thread/INFO]: Force-loading class net.minecraft.network.PacketEncoder
[12:59:02] [Server thread/INFO]: Force-loading class net.minecraft.data.tags.TagsProvider
[12:59:02] [Server thread/INFO]: Force-loading class net.minecraft.data.recipes.SimpleCookingRecipeBuilder
[12:59:02] [Server thread/INFO]: Force-loading class net.minecraft.data.recipes.SpecialRecipeBuilder
[12:59:02] [Server thread/INFO]: Force-loading class net.minecraft.server.level.ServerEntity
[12:59:02] [Server thread/INFO]: Force-loading class net.minecraft.data.recipes.ShapedRecipeBuilder
[12:59:02] [Server thread/INFO]: Force-loading class net.minecraft.tags.TagBuilder
[12:59:02] [Server thread/INFO]: Force-loading class net.minecraft.network.protocol.login.ServerboundCustomQueryAnswerPacket
[12:59:02] [Server thread/INFO]: Force-loading class net.minecraft.data.recipes.RecipeOutput
[12:59:02] [Server thread/INFO]: Force-loading class net.minecraft.world.level.block.RailState
[12:59:02] [Server thread/INFO]: Force-loading class net.minecraft.network.PacketDecoder
[12:59:02] [Server thread/INFO]: Force-loading class net.minecraft.server.dedicated.ServerWatchdog
[12:59:02] [Server thread/INFO]: Force-loading class net.minecraft.data.recipes.ShapelessRecipeBuilder
[12:59:02] [Server thread/INFO]: Force-loading class net.minecraft.data.recipes.CustomCraftingRecipeBuilder
[12:59:02] [Server thread/INFO]: Force-loading class net.minecraft.world.item.enchantment.EnchantmentHelper
[12:59:02] [Server thread/INFO]: Force-loading class net.minecraft.world.entity.ai.behavior.GiveGiftToHero
[12:59:02] [Server thread/INFO]: Force-loading class net.minecraft.data.advancements.packs.VanillaAdventureAdvancements
[12:59:02] [Server thread/INFO]: Force-loading class net.minecraft.data.loot.BlockLootSubProvider
[12:59:02] [Server thread/INFO]: Force-loading class net.minecraft.network.protocol.common.ServerboundCustomPayloadPacket
[12:59:02] [Server thread/INFO]: Force-loading class net.minecraft.network.protocol.game.GameProtocols
[12:59:02] [Server thread/INFO]: Force-loading class net.minecraft.commands.execution.tasks.BuildContexts
[12:59:02] [Server thread/INFO]: Force-loading class net.minecraft.world.entity.ai.behavior.WorkAtComposter
[12:59:02] [Server thread/INFO]: Force-loading class net.minecraft.data.HashCache
[12:59:02] [Server thread/INFO]: Force-loading class net.minecraft.data.recipes.BrewingProvider
[12:59:02] [Server thread/INFO]: Force-loading class net.minecraft.data.registries.RegistryPatchGenerator
[12:59:02] [Server thread/INFO]: Force-loading class net.minecraft.server.level.ChunkMap$TrackedEntity
[12:59:02] [Server thread/INFO]: Force-loading class net.minecraft.server.network.PlayerChunkSender
[12:59:03] [Server thread/INFO]: Force-loading class net.minecraft.world.item.Item$TooltipContext$2
[12:59:03] [Server thread/INFO]: Force-loading class net.minecraft.data.HashCache$ProviderCache
[12:59:03] [Server thread/INFO]: Force-loading class net.minecraft.world.entity.ai.behavior.StartAttacking
[12:59:03] [Server thread/INFO]: Force-loading class net.minecraft.world.level.pathfinder.PathfindingContext
[12:59:03] [Server thread/INFO]: Force-loading class com.mojang.brigadier.context.ContextChain
[12:59:03] [Server thread/INFO]: Force-loading class net.minecraft.network.codec.IdDispatchCodec
[12:59:03] [Server thread/INFO]: Force-loading class net.minecraft.data.DataProvider
[12:59:03] [Server thread/INFO]: Force-loading class net.minecraft.data.loot.EntityLootSubProvider
[12:59:03] [Server thread/INFO]: Force-loading class net.minecraft.network.protocol.login.ClientboundCustomQueryPacket
[12:59:03] [Server thread/INFO]: [MixinAudit] audit finished
[12:59:03] [Server thread/INFO]: [Not Secure] [Server] smoke-start
[12:59:03] [Server thread/INFO]: System chat: Whitelist is already turned off
[12:59:03] [Server thread/INFO]: System chat: Incorrect argument for command
[12:59:03] [Server thread/INFO]: System chat: gamerule spawn_radius 0<--[HERE]
[12:59:03] [Server thread/INFO]: System chat: Game rule spawn_mobs is now set to false
[12:59:07] [Server thread/INFO]: System chat: Marked 20 chunks in minecraft:overworld from [-1, -2] to [3, 1] to be force loaded
[12:59:07] [Server thread/INFO]: System chat: Successfully filled 2613 block(s)
[12:59:07] [Server thread/INFO]: System chat: No blocks were filled
[12:59:07] [Server thread/INFO]: [Not Secure] [Server] == line 1: two entrances 36 blocks apart, 16 rpm
[12:59:07] [Server thread/INFO]: System chat: Changed the block at 0, 200, 0
[12:59:07] [Server thread/INFO]: System chat: Changed the block at 36, 200, 0
[12:59:07] [Server thread/INFO]: System chat: Changed the block at 0, 200, 1
[12:59:07] [Server thread/INFO]: System chat: Changed the block at -1, 200, 1
[12:59:07] [Server thread/INFO]: System chat: Changed the block at 36, 200, 1
[12:59:07] [Server thread/INFO]: System chat: Changed the block at 37, 200, 1
[12:59:07] [Server thread/INFO]: [Not Secure] [Server] == line 2: entrance, accelerator, junction, two exits, 64 rpm
[12:59:07] [Server thread/INFO]: System chat: Changed the block at 0, 200, 10
[12:59:07] [Server thread/INFO]: System chat: Changed the block at 0, 200, 11
[12:59:07] [Server thread/WARN]: Can't keep up! Is the server overloaded? Running 3616ms or 72 ticks behind
[12:59:08] [Server thread/INFO]: System chat: Changed the block at -1, 200, 11
[12:59:08] [Server thread/INFO]: System chat: Changed the block at 8, 200, 10
[12:59:08] [Server thread/INFO]: System chat: Changed the block at 8, 200, 11
[12:59:09] [Server thread/INFO]: System chat: Changed the block at 7, 200, 11
[12:59:09] [Server thread/INFO]: System chat: Changed the block at 16, 200, 10
[12:59:09] [Server thread/INFO]: System chat: Changed the block at 24, 200, 10
[12:59:09] [Server thread/INFO]: System chat: Changed the block at 24, 200, 11
[12:59:10] [Server thread/INFO]: System chat: Changed the block at 25, 200, 11
[12:59:10] [Server thread/INFO]: System chat: Changed the block at 16, 200, 4
[12:59:10] [Server thread/INFO]: System chat: Changed the block at 17, 200, 4
[12:59:11] [Server thread/INFO]: System chat: Changed the block at 17, 200, 5
[12:59:11] [Server thread/INFO]: System chat: Changed the block at 30, 200, 14
[12:59:11] [Server thread/INFO]: System chat: The game is sprinting
[12:59:11] [Server thread/INFO]: System chat: Sprint completed with 2877 ticks per second, or 0.35 ms per tick
[12:59:12] [Server thread/INFO]: [Not Secure] [Server] CHECK blocks placed
[12:59:12] [Server thread/INFO]: System chat: 0, 200, 0 has the following block data: {HypertubeConnections: {Connection_version: 1}, Speed: -16.0f, components: {}, Network: {Capacity: 262144.0f, Size: 3, AddedStress: 4.0f, Id: -274877902648L, Stress: 64.0f}, x: 0, y: 200, z: 0, id: "create_hypertube:hypertube_entrance_entity", Source: [I; 0, 200, 1]}
[12:59:12] [Server thread/INFO]: System chat: 36, 200, 0 has the following block data: {HypertubeConnections: {Connection_version: 1}, Speed: 16.0f, components: {}, Network: {Capacity: 262144.0f, Size: 3, AddedStress: 4.0f, Id: 10170482561224L, Stress: 64.0f}, x: 36, y: 200, z: 0, id: "create_hypertube:hypertube_entrance_entity", Source: [I; 36, 200, 1]}
[12:59:12] [Server thread/INFO]: System chat: 8, 200, 10 has the following block data: {HypertubeConnections: {ConnectionOne_version: 1, ConnectionTwo_version: 1}, Speed: -64.0f, components: {}, Network: {Capacity: 1048576.0f, Size: 3, AddedStress: 4.0f, Id: 1924145393864L, Stress: 256.0f}, x: 8, y: 200, z: 10, id: "create_hypertube:hyper_accelerator_entity", Source: [I; 8, 200, 11]}
[12:59:13] [Server thread/INFO]: System chat: 16, 200, 10 has the following block data: {HypertubeConnections: {ConnectionThree_version: 1, ConnectionOne_version: 1, ConnectionTwo_version: 1}, Speed: 0.0f, components: {}, x: 16, y: 200, z: 10, id: "create_hypertube:hyper_junction_entity"}
[12:59:13] [Server thread/INFO]: System chat: 30, 200, 14 has the following block data: {HypertubeConnections: {ConnectionTo_version: 1, ConnectionFrom_version: 1}, Speed: 0.0f, NeedsSpeedUpdate: 1b, components: {}, x: 30, y: 200, z: 14, id: "create_hypertube:hypertube_entity"}
[13:00:11] [Server thread/INFO]: Server empty for 60 seconds, pausing
[13:00:41] [Server thread/INFO]: Player668[/127.0.0.1:41456] logged in with entity id 14 at (104.5, 141.0, -25.5)
[13:00:41] [Server thread/INFO]: System chat: Player668 joined the game
[13:01:26] [Server thread/INFO]: System chat: Set minecraft:overworld to time marker minecraft:noon
[13:01:26] [Server thread/INFO]: System chat: Set the weather to clear
[13:01:26] [Server thread/INFO]: System chat: Replaced 1 slot(s) on Player668 with [Hypertube Block]
[13:01:26] [Server thread/INFO]: [Not Secure] [Server] == line 1: select the first entrance
[13:01:26] [Server thread/INFO]: System chat: Teleported Player668 to 3.500000, 200.000000, 0.500000
[13:01:34] [Server thread/INFO]: System chat: Teleported Player668 to 33.500000, 200.000000, 0.500000
[13:01:40] [Server thread/INFO]: [Not Secure] [Server] == line 1 connected?
[13:01:40] [Server thread/INFO]: System chat: 0, 200, 0 has the following block data: {Connection_version: 1, Connection: {fromPos: {offset: 0.3f, pos: [I; 0, 0, 0], direction: "east"}, curvePoints: [[0.800000011920929d, 0.5d, 0.5d], [1.9639146201905318d, 0.49999999999999994d, 0.49999999999999994d], [3.096872438357527d, 0.49999999999999994d, 0.49999999999999994d], [4.200694454075009d, 0.49999999999999994d, 0.49999999999999994d], [5.277201654996073d, 0.49999999999999994d, 0.49999999999999994d], [6.3282150287738155d, 0.5000000000000001d, 0.5000000000000001d], [7.355555563061325d, 0.5d, 0.5d], [8.361044245511705d, 0.5000000000000001d, 0.5000000000000001d], [9.346502063778038d, 0.5d, 0.5d], [10.31375000551343d, 0.5d, 0.5d], [11.264609058370972d, 0.5d, 0.5d], [12.200900210003754d, 0.49999999999999994d, 0.49999999999999994d], [13.124444448064875d, 0.5000000000000001d, 0.5000000000000001d], [14.037062760207426d, 0.49999999999999994d, 0.49999999999999994d], [14.940576134084512d, 0.5d, 0.5d], [15.836805557349212d, 0.4999999999999999d, 0.4999999999999999d], [16.727572017654634d, 0.5d, 0.5d], [17.614696502653864d, 0.5d, 0.5d], [18.5d, 0.5d, 0.5d], [19.385303497346136d, 0.5d, 0.5d], [20.27242798234537d, 0.5d, 0.5d], [21.16319444265079d, 0.5d, 0.5d], [22.05942386591549d, 0.5d, 0.5d], [22.96293723979257d, 0.5d, 0.5d], [23.875555551935125d, 0.5d, 0.5d], [24.799099789996248d, 0.5d, 0.5d], [25.73539094162903d, 0.5d, 0.5d], [26.686249994486573d, 0.5d, 0.5d], [27.653497936221964d, 0.5d, 0.5d], [28.6389557544883d, 0.5d, 0.5d], [29.644444436938677d, 0.5d, 0.5d], [30.67178497122619d, 0.5d, 0.5d], [31.72279834500393d, 0.5d, 0.5d], [32.79930554592499d, 0.5d, 0.5d], [33.90312756164247d, 0.5d, 0.5d], [35.036085379809464d, 0.5d, 0.5d], [36.19999998807907d, 0.5d, 0.5d]], toPos: {offset: -0.3f, pos: [I; 36, 0, 0], direction: "east"}, tubeSegments: 1}}
[13:01:40] [Server thread/INFO]: System chat: 36, 200, 0 has the following block data: {Connection_version: 1, Connection: {offset: 0.3f, pos: [I; -36, 0, 0], direction: "east"}}
[13:01:40] [Server thread/INFO]: [Not Secure] [Server] == line 2: entrance to accelerator
[13:01:40] [Server thread/INFO]: System chat: Teleported Player668 to 3.500000, 200.000000, 10.500000
[13:01:44] [Server thread/INFO]: System chat: Teleported Player668 to 5.500000, 200.000000, 10.500000
[13:01:49] [Server thread/INFO]: [Not Secure] [Server] == line 2: accelerator to junction
[13:01:49] [Server thread/INFO]: System chat: Teleported Player668 to 11.500000, 200.000000, 10.500000
[13:01:53] [Server thread/INFO]: System chat: Teleported Player668 to 13.500000, 200.000000, 10.500000
[13:01:57] [Server thread/INFO]: [Not Secure] [Server] == line 2: junction to far entrance
[13:01:57] [Server thread/INFO]: System chat: Teleported Player668 to 19.500000, 200.000000, 10.500000
[13:02:01] [Server thread/INFO]: System chat: Teleported Player668 to 21.500000, 200.000000, 10.500000
[13:02:05] [Server thread/INFO]: [Not Secure] [Server] == line 2: junction to side entrance
[13:02:05] [Server thread/INFO]: System chat: Teleported Player668 to 16.500000, 200.000000, 7.500000
[13:02:09] [Server thread/INFO]: System chat: Teleported Player668 to 16.500000, 200.000000, 7.500000
[13:02:14] [Server thread/INFO]: System chat: 0, 200, 10 has the following block data: {Connection_version: 1, Connection: {fromPos: {offset: 0.3f, pos: [I; 0, 0, 0], direction: "east"}, curvePoints: [[0.800000011920929d, 0.5d, 0.5d], [1.8322656343923882d, 0.5d, 0.5d], [2.7618750071153046d, 0.5d, 0.5d], [3.623046880005859d, 0.5d, 0.5d], [4.450000002980232d, 0.5d, 0.5d], [5.276953125954606d, 0.5d, 0.5d], [6.138124998845161d, 0.5d, 0.5d], [7.0677343715680765d, 0.5d, 0.5d], [8.099999994039536d, 0.5d, 0.5d]], toPos: {offset: -0.4f, pos: [I; 8, 0, 0], direction: "east"}, tubeSegments: 1}}
[13:02:14] [Server thread/INFO]: System chat: 8, 200, 10 has the following block data: {ConnectionOne: {offset: 0.3f, pos: [I; -8, 0, 0], direction: "east"}, ConnectionOne_version: 1, ConnectionTwo: {fromPos: {offset: 0.4f, pos: [I; 0, 0, 0], direction: "east"}, curvePoints: [[0.9000000059604645d, 0.5d, 0.5d], [1.8827734459890053d, 0.5d, 0.5d], [2.767812510766089d, 0.5d, 0.5d], [3.5876953253755346d, 0.5d, 0.5d], [4.375000014901161d, 0.5d, 0.5d], [5.162304704426788d, 0.5d, 0.5d], [5.982187519036234d, 0.5d, 0.5d], [6.867226583813317d, 0.5d, 0.5d], [7.850000023841858d, 0.5d, 0.5d]], toPos: {offset: -0.65f, pos: [I; 8, 0, 0], direction: "east"}, tubeSegments: 1}, ConnectionTwo_version: 1}
[13:02:14] [Server thread/INFO]: System chat: 16, 200, 10 has the following block data: {ConnectionOne: {offset: 0.4f, pos: [I; -8, 0, 0], direction: "east"}, ConnectionThree_version: 1, ConnectionThree: {fromPos: {offset: 0.65f, pos: [I; 0, 0, 0], direction: "north"}, curvePoints: [[0.5d, 0.5d, -0.1499999761581421d], [0.5d, 0.5d, -1.0851851635509067d], [0.5000000000000001d, 0.5000000000000001d, -1.9081481284565396d], [0.5d, 0.5d, -2.6749999821186066d], [0.5d, 0.5d, -3.4418518357806738d], [0.5d, 0.5d, -4.264814800686307d], [0.5d, 0.5d, -5.199999988079071d]], toPos: {offset: -0.3f, pos: [I; 0, 0, -6], direction: "north"}, tubeSegments: 1}, ConnectionOne_version: 1, ConnectionTwo: {fromPos: {offset: 0.65f, pos: [I; 0, 0, 0], direction: "east"}, curvePoints: [[1.149999976158142d, 0.5d, 0.5d], [2.146914040343836d, 0.5d, 0.5d], [3.0446874793618917d, 0.5d, 0.5d], [3.876367168268189d, 0.5d, 0.5d], [4.674999982118607d, 0.5d, 0.5d], [5.473632795969024d, 0.5d, 0.5d], [6.305312484875321d, 0.5d, 0.5d], [7.2030859238933775d, 0.5d, 0.5d], [8.199999988079071d, 0.5d, 0.5d]], toPos: {offset: -0.3f, pos: [I; 8, 0, 0], direction: "east"}, tubeSegments: 1}, ConnectionTwo_version: 1}
[13:02:14] [Server thread/INFO]: System chat: 24, 200, 10 has the following block data: {Connection_version: 1, Connection: {offset: 0.65f, pos: [I; -8, 0, 0], direction: "east"}}
[13:02:14] [Server thread/INFO]: System chat: 16, 200, 4 has the following block data: {Connection_version: 1, Connection: {offset: 0.65f, pos: [I; 0, 0, 6], direction: "north"}}
[13:02:14] [Server thread/INFO]: System chat: Replaced 1 slot(s) on Player668 with [Air]
[13:02:14] [Server thread/INFO]: [Not Secure] [Server] == views of the tubes
[13:02:14] [Server thread/INFO]: System chat: Teleported Player668 to 18.500000, 203.000000, -7.500000
[13:02:19] [Server thread/INFO]: System chat: Teleported Player668 to 6.500000, 204.000000, 4.500000
[13:02:19] [Server thread/INFO]: Player Player668 standing on air - force-sending blocks below
[13:02:24] [Server thread/INFO]: System chat: Teleported Player668 to 12.500000, 203.000000, 16.500000
[13:02:30] [Server thread/INFO]: System chat: Teleported Player668 to 3.500000, 201.000000, -1.500000
[13:02:30] [Server thread/INFO]: Player Player668 standing on air - force-sending blocks below
[13:02:34] [Server thread/INFO]: [Not Secure] [Server] == ride line 1, first person
[13:02:34] [Server thread/INFO]: System chat: Teleported Player668 to -0.500000, 200.000000, 0.500000
[13:02:40] [Server thread/INFO]: System chat: Player668 has the following entity data: [42.54615685648808d, 200.0d, 0.5d]
[13:02:44] [Server thread/INFO]: System chat: Player668 has the following entity data: [42.54615685648808d, 200.0d, 0.5d]
[13:02:44] [Server thread/INFO]: [Not Secure] [Server] == ride line 1, third person
[13:02:44] [Server thread/INFO]: System chat: Teleported Player668 to -0.500000, 200.000000, 0.500000
[13:02:48] [Server thread/INFO]: Player Player668 standing on air - force-sending blocks below
[13:02:53] [Server thread/INFO]: System chat: Player668 has the following entity data: [42.54615685648808d, 200.0d, 0.5d]
[13:02:53] [Server thread/INFO]: [Not Secure] [Server] == villager rides line 1 (a ride takes 3.6 s; both ends are open, so it is sent back 2 s after arriving)
[13:02:53] [Server thread/INFO]: System chat: Teleported Player668 to 18.500000, 201.000000, -3.500000
[13:02:56] [Server thread/INFO]: System chat: Summoned new Villager
[13:02:59] [Server thread/INFO]: System chat: Villager has the following entity data: [33.96692252648171d, 200.25d, 0.5d]
[13:03:00] [Server thread/INFO]: System chat: Villager has the following entity data: [38.0d, 200.0d, 0.5d]
[13:03:00] [Server thread/INFO]: System chat: Teleported Villager to 50.500000, 200.000000, -14.500000
[13:03:04] [Server thread/INFO]: Villager Villager['Villager'/538, l='ServerLevel[world]', x=50.50, y=200.00, z=-14.50] died, message: 'Villager was killed'
[13:03:04] [Server thread/INFO]: System chat: Killed Villager
[13:03:04] [Server thread/INFO]: [Not Secure] [Server] == ride line 2 (accelerator, junction)
[13:03:04] [Server thread/INFO]: System chat: Teleported Player668 to -0.500000, 200.000000, 10.500000
[13:03:12] [Server thread/INFO]: System chat: Player668 has the following entity data: [30.77302255514172d, 200.0d, 10.5d]
[13:03:15] [Server thread/INFO]: System chat: Player668 has the following entity data: [30.77302255514172d, 200.0d, 10.5d]
[13:03:15] [Server thread/INFO]: [Not Secure] [Server] == goggles on the entrance
[13:03:15] [Server thread/INFO]: System chat: Replaced 1 slot(s) on Player668 with [Engineer's Goggles]
[13:03:15] [Server thread/INFO]: System chat: Teleported Player668 to -2.800000, 200.000000, 0.500000
[13:03:19] [Server thread/INFO]: [Not Secure] [Server] == ponder
[13:03:19] [Server thread/INFO]: System chat: Teleported Player668 to 18.500000, 203.000000, -7.500000
[13:03:19] [Server thread/INFO]: System chat: Replaced 1 slot(s) on Player668 with [Hypertube Block]
[13:03:19] [Server thread/INFO]: System chat: Replaced 1 slot(s) on Player668 with [Redstone Detector Tube Attachment]
[13:03:19] [Server thread/INFO]: System chat: Replaced 1 slot(s) on Player668 with [Hypertube Splitter]
[13:03:19] [Server thread/INFO]: System chat: Replaced 1 slot(s) on Player668 with [Hypertube Accelerator Block]
[13:03:19] [Server thread/INFO]: System chat: Replaced 1 slot(s) on Player668 with [Hypertube Entrance Block]
[13:06:07] [Server thread/INFO]: [Not Secure] [Server] == done
[13:06:07] [Server thread/INFO]: Player668 lost connection: Disconnected
[13:06:07] [Server thread/INFO]: System chat: Player668 left the game
[13:06:12] [Server thread/INFO]: System chat: Stopping the server
[13:06:12] [Server thread/INFO]: Stopping server
[13:06:12] [Server thread/INFO]: Saving players
[13:06:12] [Server thread/INFO]: Saving worlds
[13:06:12] [Server thread/INFO]: Saving chunks for level 'ServerLevel[world]'/minecraft:overworld
[13:06:12] [Server thread/INFO]: Saving chunks for level 'ServerLevel[world]'/minecraft:the_end
[13:06:12] [Server thread/INFO]: Saving chunks for level 'ServerLevel[world]'/minecraft:the_nether
EXIT 0
