Starting net.fabricmc.loader.impl.game.minecraft.BundlerClassPathCapture
[13:06:14] [main/INFO]: Loading Minecraft 26.3 with Fabric Loader 0.19.5
[13:06:14] [main/INFO]: Mappings not present!
[13:06:15] [main/INFO]: Loading 44 mods:
	- create 6.0.9-1
	- create_hypertube 0.6.0+26.3
	- fabric-api 0.161.0+26.3
	   |-- fabric-advancement-api-v1 1.0.0+38c7a2d55d
	   |-- fabric-api-base 2.0.6+fcdff87f5d
	   |-- fabric-api-lookup-api-v1 2.0.24+3434d6d95d
	   |-- fabric-biome-api-v1 20.0.9+74ed1ea55d
	   |-- fabric-block-api-v1 3.1.0+0ae6f9115d
	   |-- fabric-block-getter-api-v2 2.0.9+3434d6d95d
	   |-- fabric-command-api-v2 3.1.2+fcdff87f5d
	   |-- fabric-content-registries-v0 15.0.4+74ed1ea55d
	   |-- fabric-convention-tags-v2 4.10.3+6b5b47fd5d
	   |-- fabric-crash-report-info-v1 1.0.7+fcdff87f5d
	   |-- fabric-creative-tab-api-v1 5.0.21+fcdff87f5d
	   |-- fabric-data-attachment-api-v1 2.2.30+3434d6d95d
	   |-- fabric-data-generation-api-v1 27.2.4+427eab975d
	   |-- fabric-debug-api-v1 1.0.4+3434d6d95d
	   |-- fabric-dimensions-v1 5.1.19+47f74c985d
	   |-- fabric-entity-events-v1 6.0.4+3434d6d95d
	   |-- fabric-events-interaction-v0 5.3.6+3434d6d95d
	   |-- fabric-game-rule-api-v1 4.0.10+3434d6d95d
	   |-- fabric-item-api-v1 14.7.0+cf6bc2db5d
	   |-- fabric-lifecycle-events-v1 4.1.9+ffef5f675d
	   |-- fabric-loot-api-v3 4.0.8+4068fd645d
	   |-- fabric-menu-api-v1 2.0.27+ed66f0a35d
	   |-- fabric-message-api-v1 7.0.10+3434d6d95d
	   |-- fabric-networking-api-v1 6.3.8+fcdff87f5d
	   |-- fabric-object-builder-api-v1 24.1.9+3434d6d95d
	   |-- fabric-particles-v1 5.0.24+3434d6d95d
	   |-- fabric-permission-api-v1 1.0.8+fcdff87f5d
	   |-- fabric-recipe-api-v1 10.0.8+fcdff87f5d
	   |-- fabric-registry-sync-v0 8.0.1+fcdff87f5d
	   |-- fabric-rendering-fluids-v1 6.0.6+3434d6d95d
	   |-- fabric-resource-conditions-api-v1 6.1.5+3434d6d95d
	   |-- fabric-resource-loader-v0 3.3.26+4fc5413f5d
	   |-- fabric-resource-loader-v1 3.0.4+fcdff87f5d
	   |-- fabric-serialization-api-v1 2.0.7+74ed1ea55d
	   |-- fabric-tag-api-v1 2.1.10+fcdff87f5d
	   |-- fabric-transfer-api-v1 8.0.25+fcdff87f5d
	   \-- fabric-transitive-access-wideners-v1 8.1.16+52268a0e5d
	- fabricloader 0.19.5
	   \-- mixinextras 0.5.5
	- java 25
	- minecraft 26.3
[13:06:15] [main/INFO]: SpongePowered MIXIN Subsystem Version=0.8.7 Source=file:/home/runner/work/CreateHypertubes/CreateHypertubes/server/libraries/net/fabricmc/sponge-mixin/0.17.4+mixin.0.8.7/sponge-mixin-0.17.4+mixin.0.8.7.jar Service=Knot/Fabric Env=SERVER
[13:06:16] [main/INFO]: Initializing MixinExtras via com.llamalad7.mixinextras.service.MixinExtrasServiceImpl(version=0.5.5).
WARNING: A terminally deprecated method in sun.misc.Unsafe has been called
WARNING: sun.misc.Unsafe::objectFieldOffset has been called by org.joml.MemUtil$MemUtilUnsafe (file:/home/runner/work/CreateHypertubes/CreateHypertubes/server/libraries/org/joml/joml/1.10.9/joml-1.10.9.jar)
WARNING: Please consider reporting this to the maintainers of class org.joml.MemUtil$MemUtilUnsafe
WARNING: sun.misc.Unsafe::objectFieldOffset will be removed in a future release
[13:06:25] [main/INFO]: Environment: Environment[discoveryUrl=https://discovery.minecraftservices.com/minecraft/client, name=PROD]
[13:06:27] [Worker-Main-3/INFO]: Loaded 2976 advancements
[13:06:27] [main/INFO]: Applied 0 biome modifications to 0 of 67 new biomes in 1.499 ms
[13:06:27] [Server thread/INFO]: Starting minecraft server version 26.3
[13:06:27] [Server thread/INFO]: Loading properties
[13:06:27] [Server thread/INFO]: Default game type: CREATIVE
[13:06:27] [Server thread/INFO]: Generating keypair
[13:06:27] [Server thread/INFO]: Starting Minecraft server on *:25565
[13:06:27] [Server thread/WARN]: **** SERVER IS RUNNING IN OFFLINE/INSECURE MODE!
[13:06:27] [Server thread/WARN]: The server will make no attempt to authenticate usernames. Beware.
[13:06:27] [Server thread/WARN]: While this makes the game possible to play without internet access, it also opens up the ability for hackers to connect with any username they choose.
[13:06:27] [Server thread/WARN]: To change this, set "online-mode" to "true" in the server.properties file.
[13:06:27] [Server thread/INFO]: Preparing level "world"
[13:06:28] [Server thread/INFO]: Loading 72 persistent chunks...
[13:06:28] [Server thread/INFO]: Preparing spawn area: 12%
[13:06:28] [Server thread/INFO]: Preparing spawn area: 12%
[13:06:29] [Server thread/INFO]: Preparing spawn area: 12%
[13:06:29] [Server thread/INFO]: Preparing spawn area: 86%
[13:06:29] [Server thread/INFO]: Time elapsed: 1508 ms
[13:06:29] [Server thread/INFO]: Done (1.928s)! For help, type "help"
[13:06:29] [Server thread/INFO]: Saving chunks for level 'ServerLevel[world]'/minecraft:overworld
[13:06:30] [Server thread/INFO]: Saving chunks for level 'ServerLevel[world]'/minecraft:the_nether
[13:06:30] [Server thread/INFO]: Saving chunks for level 'ServerLevel[world]'/minecraft:the_end
[13:06:30] [Server thread/INFO]: Force-loading class net.minecraft.data.recipes.SmithingTrimRecipeBuilder
[13:06:30] [Server thread/INFO]: Force-loading class net.minecraft.data.recipes.SingleItemRecipeBuilder
[13:06:30] [Server thread/INFO]: Force-loading class net.minecraft.data.recipes.SmithingTransformRecipeBuilder
[13:06:30] [Server thread/INFO]: Force-loading class net.minecraft.world.level.redstone.CollectingNeighborUpdater$MultiNeighborUpdate
[13:06:30] [Server thread/INFO]: Force-loading class net.minecraft.server.PlayerAdvancements
[13:06:30] [Server thread/INFO]: Force-loading class net.minecraft.server.network.config.SynchronizeRegistriesTask
[13:06:30] [Server thread/INFO]: Force-loading class net.minecraft.data.recipes.RecipeProvider
[13:06:30] [Server thread/INFO]: Force-loading class net.minecraft.network.protocol.configuration.ServerboundSelectKnownPacks
[13:06:30] [Server thread/INFO]: Force-loading class net.minecraft.world.level.redstone.ExperimentalRedstoneWireEvaluator
[13:06:30] [Server thread/INFO]: Force-loading class net.minecraft.server.network.ServerHandshakePacketListenerImpl
[13:06:30] [Server thread/INFO]: Force-loading class net.minecraft.data.tags.BlockItemTagAppender
[13:06:30] [Server thread/INFO]: Force-loading class net.minecraft.data.recipes.BrewingRecipeBuilder
[13:06:30] [Server thread/INFO]: Force-loading class net.minecraft.data.registries.RegistriesDatapackGenerator
[13:06:30] [Server thread/INFO]: Force-loading class net.minecraft.world.entity.ai.behavior.Swim
[13:06:30] [Server thread/INFO]: Force-loading class net.minecraft.server.packs.resources.SimpleJsonResourceReloadListener
[13:06:30] [Server thread/INFO]: Force-loading class net.minecraft.server.commands.DebugConfigCommand
[13:06:30] [Server thread/INFO]: Force-loading class net.minecraft.world.level.pathfinder.WalkNodeEvaluator
[13:06:30] [Server thread/INFO]: Force-loading class net.minecraft.world.level.storage.loot.LootPool$Builder
[13:06:30] [Server thread/INFO]: Force-loading class net.minecraft.data.recipes.TransmuteRecipeBuilder
[13:06:30] [Server thread/INFO]: Force-loading class net.minecraft.data.tags.TagAppender
[13:06:30] [Server thread/INFO]: Force-loading class net.minecraft.network.protocol.configuration.ConfigurationProtocols
[13:06:30] [Server thread/INFO]: Force-loading class net.minecraft.server.network.ServerLoginPacketListenerImpl
[13:06:30] [Server thread/INFO]: Force-loading class net.minecraft.commands.execution.CommandQueueEntry
[13:06:30] [Server thread/INFO]: Force-loading class net.minecraft.data.recipes.RecipeProvider$1
[13:06:30] [Server thread/INFO]: Force-loading class net.minecraft.gametest.framework.GameTestServer
[13:06:30] [Server thread/INFO]: Force-loading class net.minecraft.core.RegistrySynchronization
[13:06:30] [Server thread/INFO]: Force-loading class net.minecraft.network.protocol.BundlePacket
[13:06:30] [Server thread/INFO]: Force-loading class net.minecraft.util.ParticleUtils
[13:06:30] [Server thread/INFO]: Force-loading class net.minecraft.world.CompoundContainer
[13:06:30] [Server thread/INFO]: Force-loading class net.minecraft.data.tags.TagAppender$1
[13:06:30] [Server thread/INFO]: Force-loading class net.minecraft.network.PacketEncoder
[13:06:30] [Server thread/INFO]: Force-loading class net.minecraft.data.tags.TagsProvider
[13:06:30] [Server thread/INFO]: Force-loading class net.minecraft.data.recipes.SimpleCookingRecipeBuilder
[13:06:30] [Server thread/INFO]: Force-loading class net.minecraft.data.recipes.SpecialRecipeBuilder
[13:06:30] [Server thread/INFO]: Force-loading class net.minecraft.data.recipes.ShapedRecipeBuilder
[13:06:30] [Server thread/INFO]: Force-loading class net.minecraft.tags.TagBuilder
[13:06:30] [Server thread/INFO]: Force-loading class net.minecraft.network.protocol.login.ServerboundCustomQueryAnswerPacket
[13:06:30] [Server thread/INFO]: Force-loading class net.minecraft.data.recipes.RecipeOutput
[13:06:30] [Server thread/INFO]: Force-loading class net.minecraft.world.level.block.RailState
[13:06:30] [Server thread/INFO]: Force-loading class net.minecraft.network.PacketDecoder
[13:06:30] [Server thread/INFO]: Force-loading class net.minecraft.server.dedicated.ServerWatchdog
[13:06:30] [Server thread/INFO]: Force-loading class net.minecraft.data.recipes.ShapelessRecipeBuilder
[13:06:30] [Server thread/INFO]: Force-loading class net.minecraft.data.recipes.CustomCraftingRecipeBuilder
[13:06:30] [Server thread/INFO]: Force-loading class net.minecraft.world.item.enchantment.EnchantmentHelper
[13:06:30] [Server thread/INFO]: Force-loading class net.minecraft.world.entity.ai.behavior.GiveGiftToHero
[13:06:30] [Server thread/INFO]: Force-loading class net.minecraft.data.advancements.packs.VanillaAdventureAdvancements
[13:06:30] [Server thread/INFO]: Force-loading class net.minecraft.data.loot.BlockLootSubProvider
[13:06:30] [Server thread/INFO]: Force-loading class net.minecraft.network.protocol.common.ServerboundCustomPayloadPacket
[13:06:30] [Server thread/INFO]: Force-loading class net.minecraft.network.protocol.game.GameProtocols
[13:06:30] [Server thread/INFO]: Force-loading class net.minecraft.commands.execution.tasks.BuildContexts
[13:06:30] [Server thread/INFO]: Force-loading class net.minecraft.world.entity.ai.behavior.WorkAtComposter
[13:06:30] [Server thread/INFO]: Force-loading class net.minecraft.data.HashCache
[13:06:30] [Server thread/INFO]: Force-loading class net.minecraft.data.recipes.BrewingProvider
[13:06:30] [Server thread/INFO]: Force-loading class net.minecraft.data.registries.RegistryPatchGenerator
[13:06:30] [Server thread/INFO]: Force-loading class net.minecraft.server.network.PlayerChunkSender
[13:06:30] [Server thread/INFO]: Force-loading class net.minecraft.world.item.Item$TooltipContext$2
[13:06:30] [Server thread/INFO]: Force-loading class net.minecraft.data.HashCache$ProviderCache
[13:06:30] [Server thread/INFO]: Force-loading class net.minecraft.world.entity.ai.behavior.StartAttacking
[13:06:30] [Server thread/INFO]: Force-loading class net.minecraft.world.level.pathfinder.PathfindingContext
[13:06:30] [Server thread/INFO]: Force-loading class com.mojang.brigadier.context.ContextChain
[13:06:30] [Server thread/INFO]: Force-loading class net.minecraft.network.codec.IdDispatchCodec
[13:06:30] [Server thread/INFO]: Force-loading class net.minecraft.data.DataProvider
[13:06:30] [Server thread/INFO]: Force-loading class net.minecraft.data.loot.EntityLootSubProvider
[13:06:30] [Server thread/INFO]: Force-loading class net.minecraft.network.protocol.login.ClientboundCustomQueryPacket
[13:06:30] [Server thread/INFO]: [MixinAudit] audit finished
[13:06:34] [Server thread/INFO]: [Not Secure] [Server] restart-ok
[13:06:34] [Server thread/INFO]: System chat: Game rule spawn_mobs is already set to false
[13:06:39] [Server thread/INFO]: System chat: 0, 200, 0 has the following block data: {Connection_version: 1, Connection: {fromPos: {offset: 0.3f, pos: [I; 0, 0, 0], direction: "east"}, curvePoints: [[0.800000011920929d, 0.5d, 0.5d], [1.9639146201905318d, 0.49999999999999994d, 0.49999999999999994d], [3.096872438357527d, 0.49999999999999994d, 0.49999999999999994d], [4.200694454075009d, 0.49999999999999994d, 0.49999999999999994d], [5.277201654996073d, 0.49999999999999994d, 0.49999999999999994d], [6.3282150287738155d, 0.5000000000000001d, 0.5000000000000001d], [7.355555563061325d, 0.5d, 0.5d], [8.361044245511705d, 0.5000000000000001d, 0.5000000000000001d], [9.346502063778038d, 0.5d, 0.5d], [10.31375000551343d, 0.5d, 0.5d], [11.264609058370972d, 0.5d, 0.5d], [12.200900210003754d, 0.49999999999999994d, 0.49999999999999994d], [13.124444448064875d, 0.5000000000000001d, 0.5000000000000001d], [14.037062760207426d, 0.49999999999999994d, 0.49999999999999994d], [14.940576134084512d, 0.5d, 0.5d], [15.836805557349212d, 0.4999999999999999d, 0.4999999999999999d], [16.727572017654634d, 0.5d, 0.5d], [17.614696502653864d, 0.5d, 0.5d], [18.5d, 0.5d, 0.5d], [19.385303497346136d, 0.5d, 0.5d], [20.27242798234537d, 0.5d, 0.5d], [21.16319444265079d, 0.5d, 0.5d], [22.05942386591549d, 0.5d, 0.5d], [22.96293723979257d, 0.5d, 0.5d], [23.875555551935125d, 0.5d, 0.5d], [24.799099789996248d, 0.5d, 0.5d], [25.73539094162903d, 0.5d, 0.5d], [26.686249994486573d, 0.5d, 0.5d], [27.653497936221964d, 0.5d, 0.5d], [28.6389557544883d, 0.5d, 0.5d], [29.644444436938677d, 0.5d, 0.5d], [30.67178497122619d, 0.5d, 0.5d], [31.72279834500393d, 0.5d, 0.5d], [32.79930554592499d, 0.5d, 0.5d], [33.90312756164247d, 0.5d, 0.5d], [35.036085379809464d, 0.5d, 0.5d], [36.19999998807907d, 0.5d, 0.5d]], toPos: {offset: -0.3f, pos: [I; 36, 0, 0], direction: "east"}, tubeSegments: 1}}
[13:06:40] [Server thread/INFO]: System chat: 36, 200, 0 has the following block data: {Connection_version: 1, Connection: {offset: 0.3f, pos: [I; -36, 0, 0], direction: "east"}}
[13:06:40] [Server thread/INFO]: System chat: 8, 200, 10 has the following block data: {ConnectionOne: {offset: 0.3f, pos: [I; -8, 0, 0], direction: "east"}, ConnectionOne_version: 1, ConnectionTwo: {fromPos: {offset: 0.4f, pos: [I; 0, 0, 0], direction: "east"}, curvePoints: [[0.9000000059604645d, 0.5d, 0.5d], [1.8827734459890053d, 0.5d, 0.5d], [2.767812510766089d, 0.5d, 0.5d], [3.5876953253755346d, 0.5d, 0.5d], [4.375000014901161d, 0.5d, 0.5d], [5.162304704426788d, 0.5d, 0.5d], [5.982187519036234d, 0.5d, 0.5d], [6.867226583813317d, 0.5d, 0.5d], [7.850000023841858d, 0.5d, 0.5d]], toPos: {offset: -0.65f, pos: [I; 8, 0, 0], direction: "east"}, tubeSegments: 1}, ConnectionTwo_version: 1}
[13:06:40] [Server thread/INFO]: System chat: 16, 200, 10 has the following block data: {ConnectionOne: {offset: 0.4f, pos: [I; -8, 0, 0], direction: "east"}, ConnectionThree_version: 1, ConnectionThree: {fromPos: {offset: 0.65f, pos: [I; 0, 0, 0], direction: "north"}, curvePoints: [[0.5d, 0.5d, -0.1499999761581421d], [0.5d, 0.5d, -1.0851851635509067d], [0.5000000000000001d, 0.5000000000000001d, -1.9081481284565396d], [0.5d, 0.5d, -2.6749999821186066d], [0.5d, 0.5d, -3.4418518357806738d], [0.5d, 0.5d, -4.264814800686307d], [0.5d, 0.5d, -5.199999988079071d]], toPos: {offset: -0.3f, pos: [I; 0, 0, -6], direction: "north"}, tubeSegments: 1}, ConnectionOne_version: 1, ConnectionTwo: {fromPos: {offset: 0.65f, pos: [I; 0, 0, 0], direction: "east"}, curvePoints: [[1.149999976158142d, 0.5d, 0.5d], [2.146914040343836d, 0.5d, 0.5d], [3.0446874793618917d, 0.5d, 0.5d], [3.876367168268189d, 0.5d, 0.5d], [4.674999982118607d, 0.5d, 0.5d], [5.473632795969024d, 0.5d, 0.5d], [6.305312484875321d, 0.5d, 0.5d], [7.2030859238933775d, 0.5d, 0.5d], [8.199999988079071d, 0.5d, 0.5d]], toPos: {offset: -0.3f, pos: [I; 8, 0, 0], direction: "east"}, tubeSegments: 1}, ConnectionTwo_version: 1}
[13:06:40] [Server thread/INFO]: System chat: 16, 200, 4 has the following block data: {Connection_version: 1, Connection: {offset: 0.65f, pos: [I; 0, 0, 6], direction: "north"}}
[13:06:41] [Server thread/INFO]: [Not Secure] [Server] == a villager rides line 1 after the restart (3.6 s; expected at the far end, x 38)
[13:06:41] [Server thread/INFO]: System chat: Summoned new Villager
[13:06:46] [Server thread/INFO]: System chat: Villager has the following entity data: [38.0d, 200.0d, 0.5d]
[13:06:46] [Server thread/INFO]: [Not Secure] [Server] == a villager rides line 2 after the restart (expected past the far entrance, x 25.5 z 10.5, or the side one, x 16.5 z 3)
[13:06:46] [Server thread/INFO]: System chat: Summoned new Villager
[13:06:49] [Server thread/INFO]: System chat: Villager has the following entity data: [26.0d, 200.0d, 10.5d]
[13:06:50] [Server thread/INFO]: System chat: Villager has the following entity data: [26.0d, 200.0d, 10.5d]
[13:07:00] [Server thread/INFO]: System chat: Stopping the server
[13:07:00] [Server thread/INFO]: Stopping server
[13:07:00] [Server thread/INFO]: Saving players
[13:07:00] [Server thread/INFO]: Saving worlds
[13:07:00] [Server thread/INFO]: Saving chunks for level 'ServerLevel[world]'/minecraft:overworld
[13:07:00] [Server thread/INFO]: Saving chunks for level 'ServerLevel[world]'/minecraft:the_nether
[13:07:00] [Server thread/INFO]: Saving chunks for level 'ServerLevel[world]'/minecraft:the_end
EXIT 0
